16:48:48 **** Incremental Build of configuration Debug for project Scheduler ****
make -j8 all 
arm-none-eabi-gcc -o "Scheduler.elf" @"objects.list"   -mcpu=cortex-m3 -T"E:\BKU\Se241\CO3009_MM\Experiments\L06_2110142_Lab4\STM32_lab4\Scheduler\STM32F103C6UX_FLASH.ld" --specs=nosys.specs -Wl,-Map="Scheduler.map" -Wl,--gc-sections -static --specs=nano.specs -mfloat-abi=soft -mthumb -Wl,--start-group -lc -lm -Wl,--end-group
Finished building target: Scheduler.elf
 
arm-none-eabi-size   Scheduler.elf 
arm-none-eabi-objdump -h -S  Scheduler.elf  > "Scheduler.list"
arm-none-eabi-objcopy  -O ihex  Scheduler.elf  "Scheduler.hex"
   text	   data	    bss	    dec	    hex	filename
   7456	     20	   2444	   9920	   26c0	Scheduler.elf
arm-none-eabi-objcopy  -O binary  Scheduler.elf  "Scheduler.bin"
Finished building: default.size.stdout
 
Finished building: Scheduler.hex
Finished building: Scheduler.bin
 
 
Finished building: Scheduler.list
 

16:48:48 Build Finished. 0 errors, 0 warnings. (took 427ms)

